// Jest Snapshot v1, https://goo.gl/fbAQLP

exports[`Reviews component render correctly 1`] = `
<DocumentFragment>
  <div
    class="review-content"
    data-testid="review__content"
  >
    <div
      class="item"
    >
      <div
        class="review-cards-container"
      >
        <div
          class="title-date-container"
        >
          <div
            class="title"
          >
            Excellent
          </div>
          <div
            class="date"
          >
            01/12/2023
          </div>
        </div>
        <div
          class="rating-name-container"
        >
          <div
            class="rating"
            data-testid="review_rating"
          >
            ★★★★☆
          </div>
          <div
            class="name"
          >
            Anonymous
          </div>
        </div>
        <p
          class="body"
        >
          The classes are very well prepared and organised. All the teachers are very friendly and knowledgeable. All topics are broken down into small pieces and taught step-by-step.
        </p>
      </div>
    </div>
    <div
      class="item"
    >
      <div
        class="review-cards-container"
      >
        <div
          class="title-date-container"
        >
          <div
            class="title"
          >
            Amazing platform
          </div>
          <div
            class="date"
          >
            01/12/2023
          </div>
        </div>
        <div
          class="rating-name-container"
        >
          <div
            class="rating"
            data-testid="review_rating"
          >
            ★★★★★
          </div>
          <div
            class="name"
          >
            Anonymous
          </div>
        </div>
        <p
          class="body"
        >
          The online learning platform provides educational resources and tools for remote learning. It enables users to access courses, lectures, and educational content from anywhere with an internet connection.
        </p>
      </div>
    </div>
    <div
      class="item"
    >
      <div
        class="review-cards-container"
      >
        <div
          class="title-date-container"
        >
          <div
            class="title"
          >
            Highly recommended
          </div>
          <div
            class="date"
          >
            01/12/2023
          </div>
        </div>
        <div
          class="rating-name-container"
        >
          <div
            class="rating"
            data-testid="review_rating"
          >
            ★★★★★
          </div>
          <div
            class="name"
          >
            Anonymous
          </div>
        </div>
        <p
          class="body"
        >
          The online learning platform provides educational resources and tools for remote learning. It enables users to access courses, lectures, and educational content from anywhere with an internet connection.
        </p>
      </div>
    </div>
  </div>
</DocumentFragment>
`;
